// Jest Snapshot v1, https://goo.gl/fbAQLP

exports[`<Title/> should render Title component 1`] = `
<div>
  <div
    class="title"
  >
    Title
  </div>
</div>
`;
